target_deg:0.000	position_deg:-0.088	error_deg:0.088	p_deg_s:0.000	i_deg_s:0.000	d_deg_s:0.000	pid_deg_s:0.000	speed_deg_s:0.000	u_deg_s:0.000	v_limit_deg_s:5.000	dt_ms:10.000	kp:0.5000	ki:0.0000	kd:0.0000	t_s:0.200
target_deg:0.000	position_deg:-0.088	error_deg:0.088	p_deg_s:0.000	i_deg_s:0.000	d_deg_s:0.000	pid_deg_s:0.000	speed_deg_s:0.000	u_deg_s:0.000	v_limit_deg_s:5.000	dt_ms:10.000	kp:0.5000	ki:0.0000	kd:0.0000	t_s:0.300
target_deg:0.000	position_deg:0.000	error_deg:0.000	p_deg_s:0.000	i_deg_s:0.000	d_deg_s:0.000	pid_deg_s:0.000	speed_deg_s:0.000	u_deg_s:0.000	v_limit_deg_s:5.000	dt_ms:10.000	kp:0.5000	ki:0.0000	kd:0.0000	t_s:0.400
target_deg:0.000	position_deg:0.000	error_deg:0.000	p_deg_s:0.000	i_deg_s:0.000	d_deg_s:0.000	pid_deg_s:0.000	speed_deg_s:0.000	u_deg_s:0.000	v_limit_deg_s:5.000	dt_ms:10.001	kp:0.5000	ki:0.0000	kd:0.0000	t_s:0.500
target_deg:0.000	position_deg:-0.088	error_deg:0.088	p_deg_s:0.000	i_deg_s:0.000	d_deg_s:0.000	pid_deg_s:0.000	speed_deg_s:0.000	u_deg_s:0.000	v_limit_deg_s:5.000	dt_ms:10.000	kp:0.5000	ki:0.0000	kd:0.0000	t_s:0.600
target_deg:0.000	position_deg:-0.088	error_deg:0.088	p_deg_s:0.000	i_deg_s:0.000	d_deg_s:0.000	pid_deg_s:0.000	speed_deg_s:0.000	u_deg_s:0.000	v_limit_deg_s:5.000	dt_ms:10.000	kp:0.5000	ki:0.0000	kd:0.0000	t_s:0.700
target_deg:0.000	position_deg:-0.088	error_deg:0.088	p_deg_s:0.000	i_deg_s:0.000	d_deg_s:0.000	pid_deg_s:0.000	speed_deg_s:0.000	u_deg_s:0.000	v_limit_deg_s:5.000	dt_ms:10.000	kp:0.5000	ki:0.0000	kd:0.0000	t_s:0.800
target_deg:0.000	position_deg:0.000	error_deg:0.000	p_deg_s:0.000	i_deg_s:0.000	d_deg_s:0.000	pid_deg_s:0.000	speed_deg_s:0.000	u_deg_s:0.000	v_limit_deg_s:5.000	dt_ms:10.000	kp:0.5000	ki:0.0000	kd:0.0000	t_s:0.900
target_deg:0.000	position_deg:0.000	error_deg:0.000	p_deg_s:0.000	i_deg_s:0.000	d_deg_s:0.000	pid_deg_s:0.000	speed_deg_s:0.000	u_deg_s:0.000	v_limit_deg_s:5.000	dt_ms:10.001	kp:0.5000	ki:0.0000	kd:0.0000	t_s:1.000
target_deg:0.000	position_deg:-0.088	error_deg:0.088	p_deg_s:0.000	i_deg_s:0.000	d_deg_s:0.000	pid_deg_s:0.000	speed_deg_s:0.000	u_deg_s:0.000	v_limit_deg_s:5.000	dt_ms:10.000	kp:0.5000	ki:0.0000	kd:0.0000	t_s:1.100
target_deg:0.000	position_deg:-0.088	error_deg:0.088	p_deg_s:0.000	i_deg_s:0.000	d_deg_s:0.000	pid_deg_s:0.000	speed_deg_s:0.000	u_deg_s:0.000	v_limit_deg_s:5.000	dt_ms:10.000	kp:0.5000	ki:0.0000	kd:0.0000	t_s:1.200
target_deg:0.000	position_deg:-0.088	error_deg:0.088	p_deg_s:0.000	i_deg_s:0.000	d_deg_s:0.000	pid_deg_s:0.000	speed_deg_s:0.000	u_deg_s:0.000	v_limit_deg_s:5.000	dt_ms:10.001	kp:0.5000	ki:0.0000	kd:0.0000	t_s:1.300
target_deg:0.000	position_deg:-0.088	error_deg:0.088	p_deg_s:0.000	i_deg_s:0.000	d_deg_s:0.000	pid_deg_s:0.000	speed_deg_s:0.000	u_deg_s:0.000	v_limit_deg_s:5.000	dt_ms:10.000	kp:0.5000	ki:0.0000	kd:0.0000	t_s:1.400
target_deg:0.000	position_deg:0.000	error_deg:0.000	p_deg_s:0.000	i_deg_s:0.000	d_deg_s:0.000	pid_deg_s:0.000	speed_deg_s:0.000	u_deg_s:0.000	v_limit_deg_s:5.000	dt_ms:10.000	kp:0.5000	ki:0.0000	kd:0.0000	t_s:1.500
target_deg:0.000	position_deg:-0.088	error_deg:0.088	p_deg_s:0.000	i_deg_s:0.000	d_deg_s:0.000	pid_deg_s:0.000	speed_deg_s:0.000	u_deg_s:0.000	v_limit_deg_s:5.000	dt_ms:10.000	kp:0.5000	ki:0.0000	kd:0.0000	t_s:1.600
target_deg:0.000	position_deg:0.000	error_deg:0.000	p_deg_s:0.000	i_deg_s:0.000	d_deg_s:0.000	pid_deg_s:0.000	speed_deg_s:0.000	u_deg_s:0.000	v_limit_deg_s:5.000	dt_ms:10.001	kp:0.5000	ki:0.0000	kd:0.0000	t_s:1.700
target_deg:0.000	position_deg:-0.088	error_deg:0.088	p_deg_s:0.000	i_deg_s:0.000	d_deg_s:0.000	pid_deg_s:0.000	speed_deg_s:0.000	u_deg_s:0.000	v_limit_deg_s:5.000	dt_ms:10.001	kp:0.5000	ki:0.0000	kd:0.0000	t_s:1.800
target_deg:0.000	position_deg:0.000	error_deg:0.000	p_deg_s:0.000	i_deg_s:0.000	d_deg_s:0.000	pid_deg_s:0.000	speed_deg_s:0.000	u_deg_s:0.000	v_limit_deg_s:5.000	dt_ms:10.000	kp:0.5000	ki:0.0000	kd:0.0000	t_s:1.900
target_deg:10.000	position_deg:-0.088	error_deg:10.088	p_deg_s:5.044i_deg_s:0.000	d_deg_s:0.000	pid_deg_s:5.044	speed_deg_s:0.000	u_deg_s:4.122v_limit_deg_s:5.000	dt_ms:10.000	kp:0.5000	ki:0.0000	kd:0.0000	t_s:2.000
target_deg:10.000	position_deg:0.088	error_deg:9.912	p_deg_s:4.956	i_deg_s:0.000	d_deg_s:0.000	pid_deg_s:4.956	speed_deg_s:2.748	u_deg_s:4.122	v_limit_deg_s:5.000	dt_ms:10.000	kp:0.5000	ki:0.0000	kd:0.0000	t_s:2.100
target_deg:10.000	position_deg:0.527	error_deg:9.473	p_deg_s:4.736	i_deg_s:0.000	d_deg_s:0.000	pid_deg_s:4.736	speed_deg_s:4.122	u_deg_s:4.122	v_limit_deg_s:5.000	dt_ms:10.000	kp:0.5000	ki:0.0000	kd:0.0000	t_s:2.200
target_deg:10.000	position_deg:0.967	error_deg:9.033	p_deg_s:4.517	i_deg_s:0.000	d_deg_s:0.000	pid_deg_s:4.517	speed_deg_s:5.496	u_deg_s:4.122	v_limit_deg_s:5.000	dt_ms:10.000	kp:0.5000	ki:0.0000	kd:0.0000	t_s:2.300
target_deg:10.000	position_deg:1.318	error_deg:8.682	p_deg_s:4.341	i_deg_s:0.000	d_deg_s:0.000	pid_deg_s:4.341	speed_deg_s:1.374	u_deg_s:4.122	v_limit_deg_s:5.000	dt_ms:10.000	kp:0.5000	ki:0.0000	kd:0.0000	t_s:2.400
target_deg:10.000	position_deg:1.758	error_deg:8.242	p_deg_s:4.121	i_deg_s:0.000	d_deg_s:0.000	pid_deg_s:4.121	speed_deg_s:4.122	u_deg_s:4.122	v_limit_deg_s:5.000	dt_ms:10.000	kp:0.5000	ki:0.0000	kd:0.0000	t_s:2.500
target_deg:10.000	position_deg:2.197	error_deg:7.803	p_deg_s:3.901	i_deg_s:0.000	d_deg_s:0.000	pid_deg_s:3.901	speed_deg_s:2.748	u_deg_s:4.122	v_limit_deg_s:5.000	dt_ms:10.001	kp:0.5000	ki:0.0000	kd:0.0000	t_s:2.600
target_deg:10.000	position_deg:2.549	error_deg:7.451	p_deg_s:3.726	i_deg_s:0.000	d_deg_s:0.000	pid_deg_s:3.726	speed_deg_s:4.122	u_deg_s:4.122	v_limit_deg_s:5.000	dt_ms:10.001	kp:0.5000	ki:0.0000	kd:0.0000	t_s:2.700
target_deg:10.000	position_deg:3.076	error_deg:6.924	p_deg_s:3.462	i_deg_s:0.000	d_deg_s:0.000	pid_deg_s:3.462	speed_deg_s:4.122	u_deg_s:4.122	v_limit_deg_s:5.000	dt_ms:10.000	kp:0.5000	ki:0.0000	kd:0.0000	t_s:2.800
target_deg:10.000	position_deg:3.340	error_deg:6.660	p_deg_s:3.330	i_deg_s:0.000	d_deg_s:0.000	pid_deg_s:3.330	speed_deg_s:1.374	u_deg_s:2.748	v_limit_deg_s:5.000	dt_ms:10.000	kp:0.5000	ki:0.0000	kd:0.0000	t_s:2.900
target_deg:10.000	position_deg:3.604	error_deg:6.396	p_deg_s:3.198	i_deg_s:0.000	d_deg_s:0.000	pid_deg_s:3.198	speed_deg_s:2.748	u_deg_s:2.748	v_limit_deg_s:5.000	dt_ms:10.000	kp:0.5000	ki:0.0000	kd:0.0000	t_s:3.000
target_deg:10.000	position_deg:3.867	error_deg:6.133	p_deg_s:3.066	i_deg_s:0.000	d_deg_s:0.000	pid_deg_s:3.066	speed_deg_s:1.374	u_deg_s:2.748	v_limit_deg_s:5.000	dt_ms:10.000	kp:0.5000	ki:0.0000	kd:0.0000	t_s:3.100
target_deg:10.000	position_deg:4.131	error_deg:5.869	p_deg_s:2.935	i_deg_s:0.000	d_deg_s:0.000	pid_deg_s:2.935	speed_deg_s:1.374	u_deg_s:2.748	v_limit_deg_s:5.000	dt_ms:10.000	kp:0.5000	ki:0.0000	kd:0.0000	t_s:3.200
target_deg:10.000	position_deg:4.482	error_deg:5.518	p_deg_s:2.759	i_deg_s:0.000	d_deg_s:0.000	pid_deg_s:2.759	speed_deg_s:2.748	u_deg_s:2.748	v_limit_deg_s:5.000	dt_ms:10.000	kp:0.5000	ki:0.0000	kd:0.0000	t_s:3.300
target_deg:10.000	position_deg:4.658	error_deg:5.342	p_deg_s:2.671	i_deg_s:0.000	d_deg_s:0.000	pid_deg_s:2.671	speed_deg_s:1.374	u_deg_s:2.748	v_limit_deg_s:5.000	dt_ms:10.000	kp:0.5000	ki:0.0000	kd:0.0000	t_s:3.400
target_deg:10.000	position_deg:5.010	error_deg:4.990	p_deg_s:2.495	i_deg_s:0.000	d_deg_s:0.000	pid_deg_s:2.495	speed_deg_s:4.122	u_deg_s:2.748	v_limit_deg_s:5.000	dt_ms:10.001	kp:0.5000	ki:0.0000	kd:0.0000	t_s:3.500
target_deg:10.000	position_deg:5.273	error_deg:4.727	p_deg_s:2.363	i_deg_s:0.000	d_deg_s:0.000	pid_deg_s:2.363	speed_deg_s:1.374	u_deg_s:2.748	v_limit_deg_s:5.000	dt_ms:10.002	kp:0.5000	ki:0.0000	kd:0.0000	t_s:3.600
target_deg:10.000	position_deg:5.537	error_deg:4.463	p_deg_s:2.231	i_deg_s:0.000	d_deg_s:0.000	pid_deg_s:2.231	speed_deg_s:2.748	u_deg_s:2.748	v_limit_deg_s:5.000	dt_ms:10.002	kp:0.5000	ki:0.0000	kd:0.0000	t_s:3.700
target_deg:10.000	position_deg:5.801	error_deg:4.199	p_deg_s:2.100	i_deg_s:0.000	d_deg_s:0.000	pid_deg_s:2.100	speed_deg_s:1.374	u_deg_s:2.748	v_limit_deg_s:5.000	dt_ms:10.001	kp:0.5000	ki:0.0000	kd:0.0000	t_s:3.800
target_deg:10.000	position_deg:5.977	error_deg:4.023	p_deg_s:2.012	i_deg_s:0.000	d_deg_s:0.000	pid_deg_s:2.012	speed_deg_s:1.374	u_deg_s:1.374	v_limit_deg_s:5.000	dt_ms:10.003	kp:0.5000	ki:0.0000	kd:0.0000	t_s:3.900
target_deg:10.000	position_deg:6.152	error_deg:3.848	p_deg_s:1.924	i_deg_s:0.000	d_deg_s:0.000	pid_deg_s:1.924	speed_deg_s:0.000	u_deg_s:1.374	v_limit_deg_s:5.000	dt_ms:10.001	kp:0.5000	ki:0.0000	kd:0.0000	t_s:4.001
target_deg:10.000	position_deg:6.240	error_deg:3.760	p_deg_s:1.880	i_deg_s:0.000	d_deg_s:0.000	pid_deg_s:1.880	speed_deg_s:1.374	u_deg_s:1.374	v_limit_deg_s:5.000	dt_ms:10.000	kp:0.5000	ki:0.0000	kd:0.0000	t_s:4.101
target_deg:10.000	position_deg:6.328	error_deg:3.672	p_deg_s:1.836	i_deg_s:0.000	d_deg_s:0.000	pid_deg_s:1.836	speed_deg_s:0.000	u_deg_s:1.374	v_limit_deg_s:5.000	dt_ms:10.001	kp:0.5000	ki:0.0000	kd:0.0000	t_s:4.201
target_deg:10.000	position_deg:6.504	error_deg:3.496	p_deg_s:1.748	i_deg_s:0.000	d_deg_s:0.000	pid_deg_s:1.748	speed_deg_s:0.000	u_deg_s:1.374	v_limit_deg_s:5.000	dt_ms:10.001	kp:0.5000	ki:0.0000	kd:0.0000	t_s:4.301
target_deg:10.000	position_deg:6.680	error_deg:3.320	p_deg_s:1.660	i_deg_s:0.000	d_deg_s:0.000	pid_deg_s:1.660	speed_deg_s:0.000	u_deg_s:1.374	v_limit_deg_s:5.000	dt_ms:10.001	kp:0.5000	ki:0.0000	kd:0.0000	t_s:4.401
target_deg:10.000	position_deg:6.768	error_deg:3.232	p_deg_s:1.616	i_deg_s:0.000	d_deg_s:0.000	pid_deg_s:1.616	speed_deg_s:0.000	u_deg_s:1.374	v_limit_deg_s:5.000	dt_ms:10.000	kp:0.5000	ki:0.0000	kd:0.0000	t_s:4.501
target_deg:10.000	position_deg:6.943	error_deg:3.057	p_deg_s:1.528	i_deg_s:0.000	d_deg_s:0.000	pid_deg_s:1.528	speed_deg_s:1.374	u_deg_s:1.374	v_limit_deg_s:5.000	dt_ms:10.002	kp:0.5000	ki:0.0000	kd:0.0000	t_s:4.601
target_deg:10.000	position_deg:7.031	error_deg:2.969	p_deg_s:1.484	i_deg_s:0.000	d_deg_s:0.000	pid_deg_s:1.484	speed_deg_s:0.000	u_deg_s:1.374	v_limit_deg_s:5.000	dt_ms:10.002	kp:0.5000	ki:0.0000	kd:0.0000	t_s:4.701
target_deg:10.000	position_deg:7.207	error_deg:2.793	p_deg_s:1.396	i_deg_s:0.000	d_deg_s:0.000	pid_deg_s:1.396	speed_deg_s:1.374	u_deg_s:1.374	v_limit_deg_s:5.000	dt_ms:10.001	kp:0.5000	ki:0.0000	kd:0.0000	t_s:4.801
target_deg:10.000	position_deg:7.383	error_deg:2.617	p_deg_s:1.309	i_deg_s:0.000	d_deg_s:0.000	pid_deg_s:1.309	speed_deg_s:0.000	u_deg_s:1.374	v_limit_deg_s:5.000	dt_ms:10.003	kp:0.5000	ki:0.0000	kd:0.0000	t_s:4.901
target_deg:10.000	position_deg:7.471	error_deg:2.529	p_deg_s:1.265	i_deg_s:0.000	d_deg_s:0.000	pid_deg_s:1.265	speed_deg_s:1.374	u_deg_s:1.374	v_limit_deg_s:5.000	dt_ms:10.001	kp:0.5000	ki:0.0000	kd:0.0000	t_s:5.001
target_deg:10.000	position_deg:7.646	error_deg:2.354	p_deg_s:1.177	i_deg_s:0.000	d_deg_s:0.000	pid_deg_s:1.177	speed_deg_s:0.000	u_deg_s:1.374	v_limit_deg_s:5.000	dt_ms:10.000	kp:0.5000	ki:0.0000	kd:0.0000	t_s:5.101
target_deg:10.000	position_deg:7.734	error_deg:2.266	p_deg_s:1.133	i_deg_s:0.000	d_deg_s:0.000	pid_deg_s:1.133	speed_deg_s:0.000	u_deg_s:1.374	v_limit_deg_s:5.000	dt_ms:10.001	kp:0.5000	ki:0.0000	kd:0.0000	t_s:5.201
target_deg:10.000	position_deg:7.998	error_deg:2.002	p_deg_s:1.001	i_deg_s:0.000	d_deg_s:0.000	pid_deg_s:1.001	speed_deg_s:1.374	u_deg_s:1.374	v_limit_deg_s:5.000	dt_ms:10.002	kp:0.5000	ki:0.0000	kd:0.0000	t_s:5.301
target_deg:10.000	position_deg:8.086	error_deg:1.914	p_deg_s:0.957	i_deg_s:0.000	d_deg_s:0.000	pid_deg_s:0.957	speed_deg_s:0.000	u_deg_s:1.374	v_limit_deg_s:5.000	dt_ms:10.002	kp:0.5000	ki:0.0000	kd:0.0000	t_s:5.401
target_deg:10.000	position_deg:8.174	error_deg:1.826	p_deg_s:0.913	i_deg_s:0.000	d_deg_s:0.000	pid_deg_s:0.913	speed_deg_s:0.000	u_deg_s:1.374	v_limit_deg_s:5.000	dt_ms:10.000	kp:0.5000	ki:0.0000	kd:0.0000	t_s:5.501
target_deg:10.000	position_deg:8.350	error_deg:1.650	p_deg_s:0.825	i_deg_s:0.000	d_deg_s:0.000	pid_deg_s:0.825	speed_deg_s:1.374	u_deg_s:1.374	v_limit_deg_s:5.000	dt_ms:10.001	kp:0.5000	ki:0.0000	kd:0.0000	t_s:5.601
target_deg:10.000	position_deg:8.438	error_deg:1.562	p_deg_s:0.781	i_deg_s:0.000	d_deg_s:0.000	pid_deg_s:0.781	speed_deg_s:0.000	u_deg_s:1.374	v_limit_deg_s:5.000	dt_ms:10.002	kp:0.5000	ki:0.0000	kd:0.0000	t_s:5.701
target_deg:10.000	position_deg:8.613	error_deg:1.387	p_deg_s:0.693	i_deg_s:0.000	d_deg_s:0.000	pid_deg_s:0.693	speed_deg_s:1.374	u_deg_s:1.374	v_limit_deg_s:5.000	dt_ms:10.001	kp:0.5000	ki:0.0000	kd:0.0000	t_s:5.801
target_deg:10.000	position_deg:8.701	error_deg:1.299	p_deg_s:0.649	i_deg_s:0.000	d_deg_s:0.000	pid_deg_s:0.649	speed_deg_s:0.000	u_deg_s:0.000	v_limit_deg_s:5.000	dt_ms:10.002	kp:0.5000	ki:0.0000	kd:0.0000	t_s:5.901
target_deg:10.000	position_deg:8.701	error_deg:1.299	p_deg_s:0.649	i_deg_s:0.000	d_deg_s:0.000	pid_deg_s:0.649	speed_deg_s:0.000	u_deg_s:0.000	v_limit_deg_s:5.000	dt_ms:10.002	kp:0.5000	ki:0.0000	kd:0.0000	t_s:6.001
target_deg:10.000	position_deg:8.701	error_deg:1.299	p_deg_s:0.649	i_deg_s:0.000	d_deg_s:0.000	pid_deg_s:0.649	speed_deg_s:0.000	u_deg_s:0.000	v_limit_deg_s:5.000	dt_ms:10.000	kp:0.5000	ki:0.0000	kd:0.0000	t_s:6.101
target_deg:10.000	position_deg:8.701	error_deg:1.299	p_deg_s:0.649	i_deg_s:0.000	d_deg_s:0.000	pid_deg_s:0.649	speed_deg_s:0.000	u_deg_s:0.000	v_limit_deg_s:5.000	dt_ms:10.002	kp:0.5000	ki:0.0000	kd:0.0000	t_s:6.201
target_deg:10.000	position_deg:8.701	error_deg:1.299	p_deg_s:0.649	i_deg_s:0.000	d_deg_s:0.000	pid_deg_s:0.649	speed_deg_s:0.000	u_deg_s:0.000	v_limit_deg_s:5.000	dt_ms:10.002	kp:0.5000	ki:0.0000	kd:0.0000	t_s:6.301
target_deg:10.000	position_deg:8.701	error_deg:1.299	p_deg_s:0.649	i_deg_s:0.000	d_deg_s:0.000	pid_deg_s:0.649	speed_deg_s:0.000	u_deg_s:0.000	v_limit_deg_s:5.000	dt_ms:10.001	kp:0.5000	ki:0.0000	kd:0.0000	t_s:6.401
target_deg:10.000	position_deg:8.701	error_deg:1.299	p_deg_s:0.649	i_deg_s:0.000	d_deg_s:0.000	pid_deg_s:0.649	speed_deg_s:0.000	u_deg_s:0.000	v_limit_deg_s:5.000	dt_ms:10.000	kp:0.5000	ki:0.0000	kd:0.0000	t_s:6.501
target_deg:10.000	position_deg:8.701	error_deg:1.299	p_deg_s:0.649	i_deg_s:0.000	d_deg_s:0.000	pid_deg_s:0.649	speed_deg_s:0.000	u_deg_s:0.000	v_limit_deg_s:5.000	dt_ms:10.001	kp:0.5000	ki:0.0000	kd:0.0000	t_s:6.601
target_deg:10.000	position_deg:8.701	error_deg:1.299	p_deg_s:0.649	i_deg_s:0.000	d_deg_s:0.000	pid_deg_s:0.649	speed_deg_s:0.000	u_deg_s:0.000	v_limit_deg_s:5.000	dt_ms:10.003	kp:0.5000	ki:0.0000	kd:0.0000	t_s:6.701
target_deg:10.000	position_deg:8.701	error_deg:1.299	p_deg_s:0.649	i_deg_s:0.000	d_deg_s:0.000	pid_deg_s:0.649	speed_deg_s:0.000	u_deg_s:0.000	v_limit_deg_s:5.000	dt_ms:10.002	kp:0.5000	ki:0.0000	kd:0.0000	t_s:6.801
target_deg:10.000	position_deg:8.701	error_deg:1.299	p_deg_s:0.649	i_deg_s:0.000	d_deg_s:0.000	pid_deg_s:0.649	speed_deg_s:0.000	u_deg_s:0.000	v_limit_deg_s:5.000	dt_ms:10.000	kp:0.5000	ki:0.0000	kd:0.0000	t_s:6.901
target_deg:10.000	position_deg:8.701	error_deg:1.299	p_deg_s:0.649	i_deg_s:0.000	d_deg_s:0.000	pid_deg_s:0.649	speed_deg_s:0.000	u_deg_s:0.000	v_limit_deg_s:5.000	dt_ms:10.001	kp:0.5000	ki:0.0000	kd:0.0000	t_s:7.001
target_deg:10.000	position_deg:8.701	error_deg:1.299	p_deg_s:0.649	i_deg_s:0.000	d_deg_s:0.000	pid_deg_s:0.649	speed_deg_s:0.000	u_deg_s:0.000	v_limit_deg_s:5.000	dt_ms:10.002	kp:0.5000	ki:0.0000	kd:0.0000	t_s:7.101
target_deg:10.000	position_deg:8.701	error_deg:1.299	p_deg_s:0.649	i_deg_s:0.000	d_deg_s:0.000	pid_deg_s:0.649	speed_deg_s:0.000	u_deg_s:0.000	v_limit_deg_s:5.000	dt_ms:10.001	kp:0.5000	ki:0.0000	kd:0.0000	t_s:7.201
target_deg:10.000	position_deg:8.701	error_deg:1.299	p_deg_s:0.649	i_deg_s:0.000	d_deg_s:0.000	pid_deg_s:0.649	speed_deg_s:0.000	u_deg_s:0.000	v_limit_deg_s:5.000	dt_ms:10.001	kp:0.5000	ki:0.0000	kd:0.0000	t_s:7.301
target_deg:10.000	position_deg:8.701	error_deg:1.299	p_deg_s:0.649	i_deg_s:0.000	d_deg_s:0.000	pid_deg_s:0.649	speed_deg_s:0.000	u_deg_s:0.000	v_limit_deg_s:5.000	dt_ms:10.000	kp:0.5000	ki:0.0000	kd:0.0000	t_s:7.401
target_deg:10.000	position_deg:8.701	error_deg:1.299	p_deg_s:0.649	i_deg_s:0.000	d_deg_s:0.000	pid_deg_s:0.649	speed_deg_s:0.000	u_deg_s:0.000	v_limit_deg_s:5.000	dt_ms:10.003	kp:0.5000	ki:0.0000	kd:0.0000	t_s:7.501
target_deg:10.000	position_deg:8.701	error_deg:1.299	p_deg_s:0.649	i_deg_s:0.000	d_deg_s:0.000	pid_deg_s:0.649	speed_deg_s:0.000	u_deg_s:0.000	v_limit_deg_s:5.000	dt_ms:10.000	kp:0.5000	ki:0.0000	kd:0.0000	t_s:7.601
target_deg:10.000	position_deg:8.701	error_deg:1.299	p_deg_s:0.649	i_deg_s:0.000	d_deg_s:0.000	pid_deg_s:0.649	speed_deg_s:0.000	u_deg_s:0.000	v_limit_deg_s:5.000	dt_ms:10.003	kp:0.5000	ki:0.0000	kd:0.0000	t_s:7.701
target_deg:10.000	position_deg:8.701	error_deg:1.299	p_deg_s:0.649	i_deg_s:0.000	d_deg_s:0.000	pid_deg_s:0.649	speed_deg_s:0.000	u_deg_s:0.000	v_limit_deg_s:5.000	dt_ms:10.000	kp:0.5000	ki:0.0000	kd:0.0000	t_s:7.801
target_deg:10.000	position_deg:8.701	error_deg:1.299	p_deg_s:0.649	i_deg_s:0.000	d_deg_s:0.000	pid_deg_s:0.649	speed_deg_s:0.000	u_deg_s:0.000	v_limit_deg_s:5.000	dt_ms:10.002	kp:0.5000	ki:0.0000	kd:0.0000	t_s:7.901
target_deg:10.000	position_deg:8.701	error_deg:1.299	p_deg_s:0.649	i_deg_s:0.000	d_deg_s:0.000	pid_deg_s:0.649	speed_deg_s:0.000	u_deg_s:0.000	v_limit_deg_s:5.000	dt_ms:10.001	kp:0.5000	ki:0.0000	kd:0.0000	t_s:8.001
target_deg:10.000	position_deg:8.701	error_deg:1.299	p_deg_s:0.649	i_deg_s:0.000	d_deg_s:0.000	pid_deg_s:0.649	speed_deg_s:0.000	u_deg_s:0.000	v_limit_deg_s:5.000	dt_ms:10.002	kp:0.5000	ki:0.0000	kd:0.0000	t_s:8.101
target_deg:10.000	position_deg:8.701	error_deg:1.299	p_deg_s:0.649	i_deg_s:0.000	d_deg_s:0.000	pid_deg_s:0.649	speed_deg_s:0.000	u_deg_s:0.000	v_limit_deg_s:5.000	dt_ms:10.002	kp:0.5000	ki:0.0000	kd:0.0000	t_s:8.201
target_deg:10.000	position_deg:8.701	error_deg:1.299	p_deg_s:0.649	i_deg_s:0.000	d_deg_s:0.000	pid_deg_s:0.649	speed_deg_s:0.000	u_deg_s:0.000	v_limit_deg_s:5.000	dt_ms:10.002	kp:0.5000	ki:0.0000	kd:0.0000	t_s:8.301
target_deg:10.000	position_deg:8.701	error_deg:1.299	p_deg_s:0.649	i_deg_s:0.000	d_deg_s:0.000	pid_deg_s:0.649	speed_deg_s:0.000	u_deg_s:0.000	v_limit_deg_s:5.000	dt_ms:10.002	kp:0.5000	ki:0.0000	kd:0.0000	t_s:8.401
target_deg:10.000	position_deg:8.701	error_deg:1.299	p_deg_s:0.649	i_deg_s:0.000	d_deg_s:0.000	pid_deg_s:0.649	speed_deg_s:0.000	u_deg_s:0.000	v_limit_deg_s:5.000	dt_ms:10.002	kp:0.5000	ki:0.0000	kd:0.0000	t_s:8.501
target_deg:10.000	position_deg:8.701	error_deg:1.299	p_deg_s:0.649	i_deg_s:0.000	d_deg_s:0.000	pid_deg_s:0.649	speed_deg_s:0.000	u_deg_s:0.000	v_limit_deg_s:5.000	dt_ms:10.001	kp:0.5000	ki:0.0000	kd:0.0000	t_s:8.601
target_deg:10.000	position_deg:8.701	error_deg:1.299	p_deg_s:0.649	i_deg_s:0.000	d_deg_s:0.000	pid_deg_s:0.649	speed_deg_s:0.000	u_deg_s:0.000	v_limit_deg_s:5.000	dt_ms:10.001	kp:0.5000	ki:0.0000	kd:0.0000	t_s:8.701
target_deg:10.000	position_deg:8.701	error_deg:1.299	p_deg_s:0.649	i_deg_s:0.000	d_deg_s:0.000	pid_deg_s:0.649	speed_deg_s:0.000	u_deg_s:0.000	v_limit_deg_s:5.000	dt_ms:10.001	kp:0.5000	ki:0.0000	kd:0.0000	t_s:8.801
target_deg:10.000	position_deg:8.701	error_deg:1.299	p_deg_s:0.649	i_deg_s:0.000	d_deg_s:0.000	pid_deg_s:0.649	speed_deg_s:0.000	u_deg_s:0.000	v_limit_deg_s:5.000	dt_ms:10.001	kp:0.5000	ki:0.0000	kd:0.0000	t_s:8.901
target_deg:10.000	position_deg:8.701	error_deg:1.299	p_deg_s:0.649	i_deg_s:0.000	d_deg_s:0.000	pid_deg_s:0.649	speed_deg_s:0.000	u_deg_s:0.000	v_limit_deg_s:5.000	dt_ms:10.002	kp:0.5000	ki:0.0000	kd:0.0000	t_s:9.001
target_deg:10.000	position_deg:8.701	error_deg:1.299	p_deg_s:0.649	i_deg_s:0.000	d_deg_s:0.000	pid_deg_s:0.649	speed_deg_s:0.000	u_deg_s:0.000	v_limit_deg_s:5.000	dt_ms:10.001	kp:0.5000	ki:0.0000	kd:0.0000	t_s:9.101
target_deg:10.000	position_deg:8.701	error_deg:1.299	p_deg_s:0.649	i_deg_s:0.000	d_deg_s:0.000	pid_deg_s:0.649	speed_deg_s:0.000	u_deg_s:0.000	v_limit_deg_s:5.000	dt_ms:10.000	kp:0.5000	ki:0.0000	kd:0.0000	t_s:9.201
target_deg:10.000	position_deg:8.701	error_deg:1.299	p_deg_s:0.649	i_deg_s:0.000	d_deg_s:0.000	pid_deg_s:0.649	speed_deg_s:0.000	u_deg_s:0.000	v_limit_deg_s:5.000	dt_ms:10.001	kp:0.5000	ki:0.0000	kd:0.0000	t_s:9.301
target_deg:10.000	position_deg:8.701	error_deg:1.299	p_deg_s:0.649	i_deg_s:0.000	d_deg_s:0.000	pid_deg_s:0.649	speed_deg_s:0.000	u_deg_s:0.000	v_limit_deg_s:5.000	dt_ms:10.002	kp:0.5000	ki:0.0000	kd:0.0000	t_s:9.401
target_deg:10.000	position_deg:8.701	error_deg:1.299	p_deg_s:0.649	i_deg_s:0.000	d_deg_s:0.000	pid_deg_s:0.649	speed_deg_s:0.000	u_deg_s:0.000	v_limit_deg_s:5.000	dt_ms:10.002	kp:0.5000	ki:0.0000	kd:0.0000	t_s:9.501
target_deg:10.000	position_deg:8.701	error_deg:1.299	p_deg_s:0.649	i_deg_s:0.000	d_deg_s:0.000	pid_deg_s:0.649	speed_deg_s:0.000	u_deg_s:0.000	v_limit_deg_s:5.000	dt_ms:10.002	kp:0.5000	ki:0.0000	kd:0.0000	t_s:9.601
target_deg:10.000	position_deg:8.701	error_deg:1.299	p_deg_s:0.649	i_deg_s:0.000	d_deg_s:0.000	pid_deg_s:0.649	speed_deg_s:0.000	u_deg_s:0.000	v_limit_deg_s:5.000	dt_ms:10.002	kp:0.5000	ki:0.0000	kd:0.0000	t_s:9.701
target_deg:10.000	position_deg:8.701	error_deg:1.299	p_deg_s:0.649	i_deg_s:0.000	d_deg_s:0.000	pid_deg_s:0.649	speed_deg_s:0.000	u_deg_s:0.000	v_limit_deg_s:5.000	dt_ms:10.000	kp:0.5000	ki:0.0000	kd:0.0000	t_s:9.801
target_deg:10.000	position_deg:8.789	error_deg:1.211	p_deg_s:0.605	i_deg_s:0.000	d_deg_s:0.000	pid_deg_s:0.605	speed_deg_s:0.000	u_deg_s:0.000	v_limit_deg_s:5.000	dt_ms:10.002	kp:0.5000	ki:0.0000	kd:0.0000	t_s:9.901
target_deg:10.000	position_deg:8.701	error_deg:1.299	p_deg_s:0.649	i_deg_s:0.000	d_deg_s:0.000	pid_deg_s:0.649	speed_deg_s:0.000	u_deg_s:0.000	v_limit_deg_s:5.000	dt_ms:10.002	kp:0.5000	ki:0.0000	kd:0.0000	t_s:10.001
target_deg:10.000	position_deg:8.701	error_deg:1.299	p_deg_s:0.649	i_deg_s:0.000	d_deg_s:0.000	pid_deg_s:0.649	speed_deg_s:0.000	u_deg_s:0.000	v_limit_deg_s:5.000	dt_ms:10.001	kp:0.5000	ki:0.0000	kd:0.0000	t_s:10.101
target_deg:10.000	position_deg:8.701	error_deg:1.299	p_deg_s:0.649	i_deg_s:0.000	d_deg_s:0.000	pid_deg_s:0.649	speed_deg_s:0.000	u_deg_s:0.000	v_limit_deg_s:5.000	dt_ms:10.002	kp:0.5000	ki:0.0000	kd:0.0000	t_s:10.201
target_deg:10.000	position_deg:8.701	error_deg:1.299	p_deg_s:0.649	i_deg_s:0.000	d_deg_s:0.000	pid_deg_s:0.649	speed_deg_s:0.000	u_deg_s:0.000	v_limit_deg_s:5.000	dt_ms:10.002	kp:0.5000	ki:0.0000	kd:0.0000	t_s:10.301
target_deg:10.000	position_deg:8.701	error_deg:1.299	p_deg_s:0.649	i_deg_s:0.000	d_deg_s:0.000	pid_deg_s:0.649	speed_deg_s:0.000	u_deg_s:0.000	v_limit_deg_s:5.000	dt_ms:10.001	kp:0.5000	ki:0.0000	kd:0.0000	t_s:10.401
target_deg:10.000	position_deg:8.701	error_deg:1.299	p_deg_s:0.649	i_deg_s:0.000	d_deg_s:0.000	pid_deg_s:0.649	speed_deg_s:0.000	u_deg_s:0.000	v_limit_deg_s:5.000	dt_ms:10.003	kp:0.5000	ki:0.0000	kd:0.0000	t_s:10.501
target_deg:10.000	position_deg:8.701	error_deg:1.299	p_deg_s:0.649	i_deg_s:0.000	d_deg_s:0.000	pid_deg_s:0.649	speed_deg_s:0.000	u_deg_s:0.000	v_limit_deg_s:5.000	dt_ms:10.002	kp:0.5000	ki:0.0000	kd:0.0000	t_s:10.601
target_deg:10.000	position_deg:8.701	error_deg:1.299	p_deg_s:0.649	i_deg_s:0.000	d_deg_s:0.000	pid_deg_s:0.649	speed_deg_s:0.000	u_deg_s:0.000	v_limit_deg_s:5.000	dt_ms:10.001	kp:0.5000	ki:0.0000	kd:0.0000	t_s:10.701
target_deg:10.000	position_deg:8.701	error_deg:1.299	p_deg_s:0.649	i_deg_s:0.000	d_deg_s:0.000	pid_deg_s:0.649	speed_deg_s:0.000	u_deg_s:0.000	v_limit_deg_s:5.000	dt_ms:10.001	kp:0.5000	ki:0.0000	kd:0.0000	t_s:10.801
target_deg:10.000	position_deg:8.701	error_deg:1.299	p_deg_s:0.649	i_deg_s:0.000	d_deg_s:0.000	pid_deg_s:0.649	speed_deg_s:0.000	u_deg_s:0.000	v_limit_deg_s:5.000	dt_ms:10.003	kp:0.5000	ki:0.0000	kd:0.0000	t_s:10.901
target_deg:10.000	position_deg:8.701	error_deg:1.299	p_deg_s:0.649	i_deg_s:0.000	d_deg_s:0.000	pid_deg_s:0.649	speed_deg_s:0.000	u_deg_s:0.000	v_limit_deg_s:5.000	dt_ms:10.001	kp:0.5000	ki:0.0000	kd:0.0000	t_s:11.001
target_deg:10.000	position_deg:8.701	error_deg:1.299	p_deg_s:0.649	i_deg_s:0.000	d_deg_s:0.000	pid_deg_s:0.649	speed_deg_s:0.000	u_deg_s:0.000	v_limit_deg_s:5.000	dt_ms:10.001	kp:0.5000	ki:0.0000	kd:0.0000	t_s:11.101
target_deg:10.000	position_deg:8.701	error_deg:1.299	p_deg_s:0.649	i_deg_s:0.000	d_deg_s:0.000	pid_deg_s:0.649	speed_deg_s:0.000	u_deg_s:0.000	v_limit_deg_s:5.000	dt_ms:10.002	kp:0.5000	ki:0.0000	kd:0.0000	t_s:11.201
target_deg:10.000	position_deg:8.701	error_deg:1.299	p_deg_s:0.649	i_deg_s:0.000	d_deg_s:0.000	pid_deg_s:0.649	speed_deg_s:0.000	u_deg_s:0.000	v_limit_deg_s:5.000	dt_ms:10.002	kp:0.5000	ki:0.0000	kd:0.0000	t_s:11.301
target_deg:10.000	position_deg:8.701	error_deg:1.299	p_deg_s:0.649	i_deg_s:0.000	d_deg_s:0.000	pid_deg_s:0.649	speed_deg_s:0.000	u_deg_s:0.000	v_limit_deg_s:5.000	dt_ms:10.001	kp:0.5000	ki:0.0000	kd:0.0000	t_s:11.401
target_deg:10.000	position_deg:8.701	error_deg:1.299	p_deg_s:0.649	i_deg_s:0.000	d_deg_s:0.000	pid_deg_s:0.649	speed_deg_s:0.000	u_deg_s:0.000	v_limit_deg_s:5.000	dt_ms:10.003	kp:0.5000	ki:0.0000	kd:0.0000	t_s:11.501
target_deg:10.000	position_deg:8.701	error_deg:1.299	p_deg_s:0.649	i_deg_s:0.000	d_deg_s:0.000	pid_deg_s:0.649	speed_deg_s:0.000	u_deg_s:0.000	v_limit_deg_s:5.000	dt_ms:10.001	kp:0.5000	ki:0.0000	kd:0.0000	t_s:11.601
target_deg:10.000	position_deg:8.701	error_deg:1.299	p_deg_s:0.649	i_deg_s:0.000	d_deg_s:0.000	pid_deg_s:0.649	speed_deg_s:0.000	u_deg_s:0.000	v_limit_deg_s:5.000	dt_ms:10.002	kp:0.5000	ki:0.0000	kd:0.0000	t_s:11.701
target_deg:10.000	position_deg:8.701	error_deg:1.299	p_deg_s:0.649	i_deg_s:0.000	d_deg_s:0.000	pid_deg_s:0.649	speed_deg_s:0.000	u_deg_s:0.000	v_limit_deg_s:5.000	dt_ms:10.002	kp:0.5000	ki:0.0000	kd:0.0000	t_s:11.801
target_deg:10.000	position_deg:8.701	error_deg:1.299	p_deg_s:0.649	i_deg_s:0.000	d_deg_s:0.000	pid_deg_s:0.649	speed_deg_s:0.000	u_deg_s:0.000	v_limit_deg_s:5.000	dt_ms:10.003	kp:0.5000	ki:0.0000	kd:0.0000	t_s:11.902
target_deg:10.000	position_deg:8.701	error_deg:1.299	p_deg_s:0.649	i_deg_s:0.000	d_deg_s:0.000	pid_deg_s:0.649	speed_deg_s:0.000	u_deg_s:0.000	v_limit_deg_s:5.000	dt_ms:10.000	kp:0.5000	ki:0.0000	kd:0.0000	t_s:12.002
target_deg:10.000	position_deg:8.701	error_deg:1.299	p_deg_s:0.649	i_deg_s:0.000	d_deg_s:0.000	pid_deg_s:0.649	speed_deg_s:0.000	u_deg_s:0.000	v_limit_deg_s:5.000	dt_ms:10.001	kp:0.5000	ki:0.0000	kd:0.0000	t_s:12.102
target_deg:10.000	position_deg:8.701	error_deg:1.299	p_deg_s:0.649	i_deg_s:0.000	d_deg_s:0.000	pid_deg_s:0.649	speed_deg_s:0.000	u_deg_s:0.000	v_limit_deg_s:5.000	dt_ms:10.001	kp:0.5000	ki:0.0000	kd:0.0000	t_s:12.202
target_deg:10.000	position_deg:8.701	error_deg:1.299	p_deg_s:0.649	i_deg_s:0.000	d_deg_s:0.000	pid_deg_s:0.649	speed_deg_s:0.000	u_deg_s:0.000	v_limit_deg_s:5.000	dt_ms:10.001	kp:0.5000	ki:0.0000	kd:0.0000	t_s:12.302
target_deg:10.000	position_deg:8.701	error_deg:1.299	p_deg_s:0.649	i_deg_s:0.000	d_deg_s:0.000	pid_deg_s:0.649	speed_deg_s:0.000	u_deg_s:0.000	v_limit_deg_s:5.000	dt_ms:10.002	kp:0.5000	ki:0.0000	kd:0.0000	t_s:12.402
xSTOP: user
␛
--- exit ---

Script done on 2026-09-21 17:53:15+09:00 [COMMAND_EXIT_CODE="0"]
